#
# There is insufficient memory for the Java Runtime Environment to continue.
# Native memory allocation (mmap) failed to map 264241152 bytes for Failed to commit area from 0x0000000704a00000 to 0x0000000714600000 of length 264241152.
# Possible reasons:
#   The system is out of physical RAM or swap space
#   The process is running with CompressedOops enabled, and the Java Heap may be blocking the growth of the native heap
# Possible solutions:
#   Reduce memory load on the system
#   Increase physical memory or swap space
#   Check if swap backing store is full
#   Decrease Java heap size (-Xmx/-Xms)
#   Decrease number of Java threads
#   Decrease Java thread stack sizes (-Xss)
#   Set larger code cache with -XX:ReservedCodeCacheSize=
# This output file may be truncated or incomplete.
#
#  Out of Memory Error (./src/hotspot/os/windows/os_windows.cpp:3387), pid=35072, tid=30512
#
# JRE version:  (11.0.14.1+1) (build )
# Java VM: OpenJDK 64-Bit Server VM (11.0.14.1+1, mixed mode, sharing, tiered, compressed oops, g1 gc, windows-amd64)
# No core dump will be written. Minidumps are not enabled by default on client versions of Windows
#

---------------  S U M M A R Y ------------

Command Line: org.gradle.launcher.GradleMain -Dorg.gradle.jvmargs=-Xmx4096m --stop

Host: 13th Gen Intel(R) Core(TM) i7-13620H, 16 cores, 15G,  Windows 11 , 64 bit Build 26100 (10.0.26100.7019)
Time: Fri Nov 14 14:44:57 2025 SA Western Standard Time elapsed time: 2.026269 seconds (0d 0h 0m 2s)

---------------  T H R E A D  ---------------

Current thread (0x000001da5d260800):  JavaThread "Unknown thread" [_thread_in_vm, id=30512, stack(0x0000004b9bc00000,0x0000004b9bd00000)]

Stack: [0x0000004b9bc00000,0x0000004b9bd00000]
Native frames: (J=compiled Java code, j=interpreted, Vv=VM code, C=native code)
V  [jvm.dll+0x61e59a]
V  [jvm.dll+0x7aaca9]
V  [jvm.dll+0x7ac398]
V  [jvm.dll+0x7aca73]
V  [jvm.dll+0x24f9b8]
V  [jvm.dll+0x61b83a]
V  [jvm.dll+0x6100c5]
V  [jvm.dll+0x30772c]
V  [jvm.dll+0x3075b2]
V  [jvm.dll+0x30c2d6]
V  [jvm.dll+0x35272f]
V  [jvm.dll+0x352160]
V  [jvm.dll+0x2e4728]
V  [jvm.dll+0x2e5886]
V  [jvm.dll+0x784b07]
V  [jvm.dll+0x78628f]
V  [jvm.dll+0x35f479]
V  [jvm.dll+0x767aa0]
V  [jvm.dll+0x3ccf1f]
V  [jvm.dll+0x3cf2b1]
C  [jli.dll+0x5207]
C  [ucrtbase.dll+0x37b0]
C  [KERNEL32.DLL+0x2e8d7]
C  [ntdll.dll+0x8c53c]


---------------  P R O C E S S  ---------------

Threads class SMR info:
_java_thread_list=0x000001da5b82cb40, length=0, elements={
}

Java Threads: ( => current thread )

Other Threads:
  0x000001da5d279000 GCTaskThread "GC Thread#0" [stack: 0x0000004b9bd00000,0x0000004b9be00000] [id=24596]
  0x000001da5d2d6000 ConcurrentGCThread "G1 Main Marker" [stack: 0x0000004b9be00000,0x0000004b9bf00000] [id=30212]
  0x000001da5d2e1000 ConcurrentGCThread "G1 Conc#0" [stack: 0x0000004b9bf00000,0x0000004b9c000000] [id=43988]

[error occurred during error reporting (printing all threads), id 0xc0000005, EXCEPTION_ACCESS_VIOLATION (0xc0000005) at pc=0x00007ffba7633ef7]

VM state:not at safepoint (not fully initialized)

VM Mutex/Monitor currently owned by a thread:  ([mutex/lock_event])
[0x000001da5d25e4a0] Heap_lock - owner thread: 0x000001da5d260800

Heap address: 0x0000000704a00000, size: 4022 MB, Compressed Oops mode: Non-zero based: 0x0000000704a00000
Narrow klass base: 0x0000000000000000, Narrow klass shift: 0

GC Heap History (0 events):
No events

Deoptimization events (0 events):
No events

Classes redefined (0 events):
No events

Internal exceptions (0 events):
No events

Events (1 events):
Event: 0.006 Loaded shared library C:\Program Files\Unity\Hub\Editor\2022.3.46f1\Editor\Data\PlaybackEngines\AndroidPlayer\OpenJDK\bin\zip.dll


Dynamic libraries:
0x00007ff75e720000 - 0x00007ff75e72d000 	C:\Program Files\Unity\Hub\Editor\2022.3.46f1\Editor\Data\PlaybackEngines\AndroidPlayer\OpenJDK\bin\java.exe
0x00007ffcdea60000 - 0x00007ffcdecc8000 	C:\WINDOWS\SYSTEM32\ntdll.dll
0x00007ffcddee0000 - 0x00007ffcddfa9000 	C:\WINDOWS\System32\KERNEL32.DLL
0x00007ffcdbe70000 - 0x00007ffcdc268000 	C:\WINDOWS\System32\KERNELBASE.dll
0x00007ffcdc270000 - 0x00007ffcdc3bb000 	C:\WINDOWS\System32\ucrtbase.dll
0x00007ffcd2a00000 - 0x00007ffcd2a17000 	C:\Program Files\Unity\Hub\Editor\2022.3.46f1\Editor\Data\PlaybackEngines\AndroidPlayer\OpenJDK\bin\jli.dll
0x00007ffc8c4f0000 - 0x00007ffc8c505000 	C:\Program Files\Unity\Hub\Editor\2022.3.46f1\Editor\Data\PlaybackEngines\AndroidPlayer\OpenJDK\bin\VCRUNTIME140.dll
0x00007ffcdcd70000 - 0x00007ffcdcf37000 	C:\WINDOWS\System32\USER32.dll
0x00007ffcdc5b0000 - 0x00007ffcdc5d7000 	C:\WINDOWS\System32\win32u.dll
0x00007ffcb5520000 - 0x00007ffcb57b4000 	C:\WINDOWS\WinSxS\amd64_microsoft.windows.common-controls_6595b64144ccf1df_6.0.26100.7019_none_3e06ffa0e335b8a8\COMCTL32.dll
0x00007ffcde110000 - 0x00007ffcde13b000 	C:\WINDOWS\System32\GDI32.dll
0x00007ffcde8b0000 - 0x00007ffcde959000 	C:\WINDOWS\System32\msvcrt.dll
0x00007ffcdc480000 - 0x00007ffcdc5ac000 	C:\WINDOWS\System32\gdi32full.dll
0x00007ffcdc750000 - 0x00007ffcdc7f3000 	C:\WINDOWS\System32\msvcp_win.dll
0x00007ffcde590000 - 0x00007ffcde5c1000 	C:\WINDOWS\System32\IMM32.DLL
0x00007ffc1c240000 - 0x00007ffc1c2db000 	C:\Program Files\Unity\Hub\Editor\2022.3.46f1\Editor\Data\PlaybackEngines\AndroidPlayer\OpenJDK\bin\msvcp140.dll
0x00007ffba7340000 - 0x00007ffba7ec1000 	C:\Program Files\Unity\Hub\Editor\2022.3.46f1\Editor\Data\PlaybackEngines\AndroidPlayer\OpenJDK\bin\server\jvm.dll
0x00007ffcde5d0000 - 0x00007ffcde684000 	C:\WINDOWS\System32\ADVAPI32.dll
0x00007ffcdca60000 - 0x00007ffcdcb06000 	C:\WINDOWS\System32\sechost.dll
0x00007ffcde3d0000 - 0x00007ffcde4e8000 	C:\WINDOWS\System32\RPCRT4.dll
0x00007ffcddfb0000 - 0x00007ffcddfb8000 	C:\WINDOWS\System32\PSAPI.DLL
0x00007ffcc5cc0000 - 0x00007ffcc5cca000 	C:\WINDOWS\SYSTEM32\WSOCK32.dll
0x00007ffccf350000 - 0x00007ffccf385000 	C:\WINDOWS\SYSTEM32\WINMM.dll
0x00007ffcde350000 - 0x00007ffcde3c4000 	C:\WINDOWS\System32\WS2_32.dll
0x00007ffcd0d60000 - 0x00007ffcd0d6b000 	C:\WINDOWS\SYSTEM32\VERSION.dll
0x00007ffcda970000 - 0x00007ffcda98b000 	C:\WINDOWS\SYSTEM32\kernel.appcore.dll
0x00007ffcc43c0000 - 0x00007ffcc43d0000 	C:\Program Files\Unity\Hub\Editor\2022.3.46f1\Editor\Data\PlaybackEngines\AndroidPlayer\OpenJDK\bin\verify.dll
0x00007ffcd8fc0000 - 0x00007ffcd9202000 	C:\WINDOWS\SYSTEM32\DBGHELP.DLL
0x00007ffcdd6a0000 - 0x00007ffcdda2b000 	C:\WINDOWS\System32\combase.dll
0x00007ffcdc980000 - 0x00007ffcdca57000 	C:\WINDOWS\System32\OLEAUT32.dll
0x00007ffccdae0000 - 0x00007ffccdb1c000 	C:\WINDOWS\SYSTEM32\dbgcore.DLL
0x00007ffcdbc40000 - 0x00007ffcdbce5000 	C:\WINDOWS\System32\bcryptPrimitives.dll
0x00007ffc8c4c0000 - 0x00007ffc8c4e8000 	C:\Program Files\Unity\Hub\Editor\2022.3.46f1\Editor\Data\PlaybackEngines\AndroidPlayer\OpenJDK\bin\java.dll
0x00007ffcc05f0000 - 0x00007ffcc05fa000 	C:\Program Files\Unity\Hub\Editor\2022.3.46f1\Editor\Data\PlaybackEngines\AndroidPlayer\OpenJDK\bin\jimage.dll
0x00007ffc8c4a0000 - 0x00007ffc8c4b8000 	C:\Program Files\Unity\Hub\Editor\2022.3.46f1\Editor\Data\PlaybackEngines\AndroidPlayer\OpenJDK\bin\zip.dll

dbghelp: loaded successfully - version: 4.0.5 - missing functions: none
symbol engine: initialized successfully - sym options: 0x614 - pdb path: .;C:\Program Files\Unity\Hub\Editor\2022.3.46f1\Editor\Data\PlaybackEngines\AndroidPlayer\OpenJDK\bin;C:\WINDOWS\SYSTEM32;C:\WINDOWS\WinSxS\amd64_microsoft.windows.common-controls_6595b64144ccf1df_6.0.26100.7019_none_3e06ffa0e335b8a8;C:\Program Files\Unity\Hub\Editor\2022.3.46f1\Editor\Data\PlaybackEngines\AndroidPlayer\OpenJDK\bin\server

VM Arguments:
java_command: org.gradle.launcher.GradleMain -Dorg.gradle.jvmargs=-Xmx4096m --stop
java_class_path (initial): C:\Program Files\Unity\Hub\Editor\2022.3.46f1\Editor\Data\PlaybackEngines\AndroidPlayer\Tools\gradle\lib\gradle-launcher-7.5.1.jar
Launcher Type: SUN_STANDARD

[Global flags]
     intx CICompilerCount                          = 12                                        {product} {ergonomic}
     uint ConcGCThreads                            = 3                                         {product} {ergonomic}
     uint G1ConcRefinementThreads                  = 13                                        {product} {ergonomic}
   size_t G1HeapRegionSize                         = 1048576                                   {product} {ergonomic}
    uintx GCDrainStackTargetSize                   = 64                                        {product} {ergonomic}
   size_t InitialHeapSize                          = 264241152                                 {product} {ergonomic}
   size_t MarkStackSize                            = 4194304                                   {product} {ergonomic}
   size_t MaxHeapSize                              = 4217372672                                {product} {ergonomic}
   size_t MinHeapDeltaBytes                        = 1048576                                   {product} {ergonomic}
    uintx NonNMethodCodeHeapSize                   = 7594288                                {pd product} {ergonomic}
    uintx NonProfiledCodeHeapSize                  = 122031976                              {pd product} {ergonomic}
    uintx ProfiledCodeHeapSize                     = 122031976                              {pd product} {ergonomic}
    uintx ReservedCodeCacheSize                    = 251658240                              {pd product} {ergonomic}
     bool SegmentedCodeCache                       = true                                      {product} {ergonomic}
     bool UseCompressedClassPointers               = true                                 {lp64_product} {ergonomic}
     bool UseCompressedOops                        = true                                 {lp64_product} {ergonomic}
     bool UseG1GC                                  = true                                      {product} {ergonomic}
     bool UseLargePagesIndividualAllocation        = false                                  {pd product} {ergonomic}

Logging:
Log output configuration:
 #0: stdout all=warning uptime,level,tags
 #1: stderr all=off uptime,level,tags

Environment Variables:
JAVA_HOME=C:\Program Files\Unity\Hub\Editor\2022.3.46f1\Editor\Data\PlaybackEngines\AndroidPlayer\OpenJDK
PATH=C:\Program Files (x86)\Google\Cloud SDK\google-cloud-sdk\bin;C:\Program Files (x86)\NVIDIA Corporation\PhysX\Common;C:\Program Files\Cloudflare\Cloudflare WARP\;C:\Program Files\Common Files\Oracle\Java\javapath;C:\Program Files\Csound6_x64\bin;C:\Program Files\Docker\Docker\resources\bin;C:\Program Files\dotnet\;C:\Program Files\Eclipse Adoptium\jdk-17.0.15.6-hotspot\bin;C:\Program Files\Git\cmd;C:\Program Files\Java\jdk-23\bin;C:\Program Files\nodejs\;C:\Program Files\NVIDIA Corporation\NVIDIA NvDLISR;C:\Program Files\Oculus\Support\oculus-runtime;C:\Users\Drakeneess\.cargo\bin;C:\Users\Drakeneess\AppData\Local\Muse Hub\lib;C:\Users\Drakeneess\AppData\Local\Programs;C:\Users\Drakeneess\Desktop\android-sdk\platform;C:\Users\Drakeneess\Desktop\android-sdk\platform-tools;C:\Windows;C:\WINDOWS\system32;C:\Windows\System32\OpenSSH\;C:\Windows\System32\Wbem;C:\WINDOWS\System32\WindowsPowerShell\v1.0\;C:\xampp\php;C:\Program Files\Git LFS;C:\Program Files\Eclipse Adoptium\jdk-17.0.15.6-hotspot\bin;C:\Program Files\Common Files\Oracle\Java\javapath;C:\Program Files\Oculus\Support\oculus-runtime;C:\Windows\system32;C:\Windows;C:\Windows\System32\Wbem;C:\Windows\System32\WindowsPowerShell\v1.0\;C:\Windows\System32\OpenSSH\;C:\Program Files (x86)\NVIDIA Corporation\PhysX\Common;C:\Program Files\NVIDIA Corporation\NVIDIA NvDLISR;C:\Program Files\dotnet\;C:\Program Files\Csound6_x64\bin;C:\Program Files\Java\jdk-23\bin;C:\Users\Drakeneess\Desktop\android-sdk\platform-tools;C:\Users\Drakeneess\Desktop\android-sdk\platform;C:\WINDOWS\system32;C:\WINDOWS;C:\WINDOWS\System32\Wbem;C:\WINDOWS\System32\WindowsPowerShell\v1.0\;C:\WINDOWS\System32\OpenSSH\;C:\Program Files\nodejs\;C:\Program Files\Cloudflare\Cloudflare WARP\;C:\Users\Drakeneess\AppData\Local\Muse Hub\lib;C:\Program Files\Docker\Docker\resources\bin;C:\Program Files\Git\cmd;C:\Users\Drakeneess\.cargo\bin;C:\Program Files\Common Files\Oracle\Java\javapath;C:\Program Files\Oculus\Support\oculus-runtime;C:\Windows\system
USERNAME=Drakeneess
OS=Windows_NT
PROCESSOR_IDENTIFIER=Intel64 Family 6 Model 186 Stepping 2, GenuineIntel



---------------  S Y S T E M  ---------------

OS: Windows 11 , 64 bit Build 26100 (10.0.26100.7019)
OS uptime: 2 days 0:52 hours
Hyper-V role detected

CPU:total 16 (initial active 16) (8 cores per cpu, 2 threads per core) family 6 model 186 stepping 2 microcode 0x410e, cmov, cx8, fxsr, mmx, sse, sse2, sse3, ssse3, sse4.1, sse4.2, popcnt, avx, avx2, aes, clmul, erms, 3dnowpref, lzcnt, ht, tsc, tscinvbit, bmi1, bmi2, adx, sha, fma

Memory: 4k page, system-wide physical 16084M (1180M free)
TotalPageFile size 32468M (AvailPageFile size 3M)
current process WorkingSet (physical memory assigned to process): 12M, peak: 12M
current process commit charge ("private bytes"): 71M, peak: 323M

vm_info: OpenJDK 64-Bit Server VM (11.0.14.1+1) for windows-amd64 JRE (11.0.14.1+1), built on Feb  9 2022 01:48:27 by "" with unknown MS VC++:1916

END.
